🎲🎲🎲 EXIT CODE: 0 🎲🎲🎲
🟩🟩🟩 STDOUT️ 🟩🟩🟩️
access_key: SCWXXXXXXXXXXXXXXXXX
secret_key: 11111111-xxxx-xxxx-xxxx-xxxxxxxxxxxx
insecure: true
default_organization_id: 11111111-1111-1111-1111-111111111111
default_region: fr-par
default_zone: fr-par-1
send_telemetry: true

🟩🟩🟩 JSON STDOUT 🟩🟩🟩
{
  "access_key": "SCWXXXXXXXXXXXXXXXXX",
  "secret_key": "11111111-1111-1111-1111-111111111111",
  "insecure": true,
  "default_organization_id": "11111111-1111-1111-1111-111111111111",
  "default_region": "fr-par",
  "default_zone": "fr-par-1",
  "send_telemetry": true
}
