🎲🎲🎲 EXIT CODE: 0 🎲🎲🎲
🟩🟩🟩 STDOUT️ 🟩🟩🟩️
access_key: SCWP1XXXXXXXXXXXXXXX
secret_key: 11111111-xxxx-xxxx-xxxx-xxxxxxxxxxxx
api_url: https://p1-mock-api-url.com
insecure: true
default_organization_id: 11111111-1111-1111-1111-111111111111
default_region: fr-par
default_zone: fr-par-1

🟩🟩🟩 JSON STDOUT 🟩🟩🟩
{
  "access_key": "SCWP1XXXXXXXXXXXXXXX",
  "secret_key": "11111111-1111-1111-1111-111111111111",
  "api_url": "https://p1-mock-api-url.com",
  "insecure": true,
  "default_organization_id": "11111111-1111-1111-1111-111111111111",
  "default_region": "fr-par",
  "default_zone": "fr-par-1"
}
