🎲🎲🎲 EXIT CODE: 0 🎲🎲🎲
🟩🟩🟩 STDOUT️ 🟩🟩🟩️
Image.ID                 3def5bcd-6ad1-42bf-97ac-1664a58a7376
Image.Name               backup
Image.Arch               x86_64
Image.CreationDate       few seconds ago
Image.ModificationDate   few seconds ago
Image.DefaultBootscript  x86_64 mainline 4.4.230 rev1
Image.ExtraVolumes       0
Image.FromServer         56260538-f01b-47de-b846-715e086c0f38
Image.Organization       ee7bd9e1-9cbd-4724-b2f4-19e50f3cf38b
Image.Public             false
Image.RootVolume         fe029b82-1c7a-4473-b4f6-a70304217c4f
Image.State              available
Image.Project            ee7bd9e1-9cbd-4724-b2f4-19e50f3cf38b
Image.Zone               fr-par-1
🟩🟩🟩 JSON STDOUT 🟩🟩🟩
{
  "image": {
    "id": "3def5bcd-6ad1-42bf-97ac-1664a58a7376",
    "name": "backup",
    "arch": "x86_64",
    "creation_date": "1970-01-01T00:00:00.0Z",
    "modification_date": "1970-01-01T00:00:00.0Z",
    "default_bootscript": {
      "bootcmdargs": "LINUX_COMMON scaleway boot=local nbd.max_part=16",
      "default": true,
      "dtb": "",
      "id": "fdfe150f-a870-4ce4-b432-9f56b5b995c1",
      "initrd": "http://10.194.3.9/initrd/initrd-Linux-x86_64-v3.14.6.gz",
      "kernel": "http://10.194.3.9/kernel/x86_64-mainline-lts-4.4-4.4.230-rev1/vmlinuz-4.4.230",
      "organization": "11111111-1111-4111-8111-111111111111",
      "project": "11111111-1111-4111-8111-111111111111",
      "public": true,
      "title": "x86_64 mainline 4.4.230 rev1",
      "arch": "x86_64",
      "zone": "fr-par-1"
    },
    "extra_volumes": {},
    "from_server": "56260538-f01b-47de-b846-715e086c0f38",
    "organization": "ee7bd9e1-9cbd-4724-b2f4-19e50f3cf38b",
    "public": false,
    "root_volume": {
      "id": "fe029b82-1c7a-4473-b4f6-a70304217c4f",
      "name": "backup_snap_0",
      "size": 20000000000,
      "volume_type": "l_ssd"
    },
    "state": "available",
    "project": "ee7bd9e1-9cbd-4724-b2f4-19e50f3cf38b",
    "tags": [],
    "zone": "fr-par-1"
  }
}
