üé≤üé≤üé≤ EXIT CODE: 0 üé≤üé≤üé≤
üü©üü©üü© STDOUTÔ∏è üü©üü©üü©Ô∏è
ID                            3780f986-d34f-4e64-9519-755a0df1e35f
Name                          cli-srv-stupefied-robinson
Organization                  ee7bd9e1-9cbd-4724-b2f4-19e50f3cf38b
Project                       ee7bd9e1-9cbd-4724-b2f4-19e50f3cf38b
AllowedActions.0              poweroff
AllowedActions.1              terminate
AllowedActions.2              reboot
AllowedActions.3              stop_in_place
AllowedActions.4              backup
AllowedActions.5              enable_routed_ip
CommercialType                DEV1-S
CreationDate                  few seconds ago
DynamicIPRequired             true
RoutedIPEnabled               false
EnableIPv6                    false
Hostname                      cli-srv-stupefied-robinson
Image.ID                      bfcb8579-a98f-464c-a958-af80eeef020b
Image.Name                    Ubuntu 22.04 Jammy Jellyfish
Image.Arch                    x86_64
Image.CreationDate            few seconds ago
Image.ModificationDate        few seconds ago
Image.ExtraVolumes            0
Image.FromServer              -
Image.Organization            51b656e3-4865-41e8-adbc-0c45bdd780db
Image.Public                  true
Image.RootVolume              35e8fbe1-18ac-43d2-95b5-54bb672dd5ba
Image.State                   available
Image.Project                 51b656e3-4865-41e8-adbc-0c45bdd780db
Image.Zone                    fr-par-1
Protected                     false
PrivateIP                     10.69.128.87
PublicIP.ID                   8b31ebc6-fdd9-48cc-9124-1a0f2b02bc26
PublicIP.Address              163.172.158.104
PublicIP.Netmask              32
PublicIP.Family               inet
PublicIP.Dynamic              false
PublicIP.ProvisioningMode     dhcp
PublicIP.State                attached
PublicIPs.0.ID                8b31ebc6-fdd9-48cc-9124-1a0f2b02bc26
PublicIPs.0.Address           163.172.158.104
PublicIPs.0.Netmask           32
PublicIPs.0.Family            inet
PublicIPs.0.Dynamic           false
PublicIPs.0.ProvisioningMode  dhcp
PublicIPs.0.State             attached
MacAddress                    de:00:00:31:03:b1
ModificationDate              few seconds ago
State                         running
Location                      fr-par-1
Bootscript                    x86_64 mainline 4.4.230 rev1
BootType                      local
Volumes.0.ID                  d8b4710a-2dbe-4882-8672-f490922d375a
Volumes.0.Name                Ubuntu 22.04 Jammy Jellyfish
Volumes.0.ExportURI           -
Volumes.0.Organization        ee7bd9e1-9cbd-4724-b2f4-19e50f3cf38b
Volumes.0.Server.ID           3780f986-d34f-4e64-9519-755a0df1e35f
Volumes.0.Server.Name         cli-srv-stupefied-robinson
Volumes.0.Size                20 GB
Volumes.0.VolumeType          l_ssd
Volumes.0.CreationDate        few seconds ago
Volumes.0.ModificationDate    few seconds ago
Volumes.0.State               available
Volumes.0.Project             ee7bd9e1-9cbd-4724-b2f4-19e50f3cf38b
Volumes.0.Boot                false
Volumes.0.Zone                fr-par-1
SecurityGroup.ID              0fe819c3-274d-472a-b3f5-ddb258d2d8bb
SecurityGroup.Name            Default security group
StateDetail                   booting kernel
Arch                          x86_64
Zone                          fr-par-1
üü©üü©üü© JSON STDOUT üü©üü©üü©
{
  "id": "3780f986-d34f-4e64-9519-755a0df1e35f",
  "name": "cli-srv-stupefied-robinson",
  "organization": "ee7bd9e1-9cbd-4724-b2f4-19e50f3cf38b",
  "project": "ee7bd9e1-9cbd-4724-b2f4-19e50f3cf38b",
  "allowed_actions": [
    "poweroff",
    "terminate",
    "reboot",
    "stop_in_place",
    "backup",
    "enable_routed_ip"
  ],
  "tags": [],
  "commercial_type": "DEV1-S",
  "creation_date": "1970-01-01T00:00:00.0Z",
  "dynamic_ip_required": true,
  "routed_ip_enabled": false,
  "enable_ipv6": false,
  "hostname": "cli-srv-stupefied-robinson",
  "image": {
    "id": "bfcb8579-a98f-464c-a958-af80eeef020b",
    "name": "Ubuntu 22.04 Jammy Jellyfish",
    "arch": "x86_64",
    "creation_date": "1970-01-01T00:00:00.0Z",
    "modification_date": "1970-01-01T00:00:00.0Z",
    "default_bootscript": null,
    "extra_volumes": {},
    "from_server": "",
    "organization": "51b656e3-4865-41e8-adbc-0c45bdd780db",
    "public": true,
    "root_volume": {
      "id": "35e8fbe1-18ac-43d2-95b5-54bb672dd5ba",
      "name": "Ubuntu 22.04 Jammy Jellyfish",
      "size": 10000000000,
      "volume_type": "unified"
    },
    "state": "available",
    "project": "51b656e3-4865-41e8-adbc-0c45bdd780db",
    "tags": [],
    "zone": "fr-par-1"
  },
  "protected": false,
  "private_ip": "10.69.128.87",
  "public_ip": {
    "id": "8b31ebc6-fdd9-48cc-9124-1a0f2b02bc26",
    "address": "163.172.158.104",
    "gateway": "",
    "netmask": "32",
    "family": "inet",
    "dynamic": false,
    "provisioning_mode": "dhcp",
    "tags": [],
    "state": "attached"
  },
  "public_ips": [
    {
      "id": "8b31ebc6-fdd9-48cc-9124-1a0f2b02bc26",
      "address": "163.172.158.104",
      "gateway": "",
      "netmask": "32",
      "family": "inet",
      "dynamic": false,
      "provisioning_mode": "dhcp",
      "tags": [],
      "state": "attached"
    }
  ],
  "mac_address": "de:00:00:31:03:b1",
  "modification_date": "1970-01-01T00:00:00.0Z",
  "state": "running",
  "location": {
    "cluster_id": "39",
    "hypervisor_id": "1301",
    "node_id": "44",
    "platform_id": "14",
    "zone_id": "par1"
  },
  "ipv6": null,
  "bootscript": {
    "bootcmdargs": "LINUX_COMMON scaleway boot=local nbd.max_part=16",
    "default": true,
    "dtb": "",
    "id": "fdfe150f-a870-4ce4-b432-9f56b5b995c1",
    "initrd": "http://10.194.3.9/initrd/initrd-Linux-x86_64-v3.14.6.gz",
    "kernel": "http://10.194.3.9/kernel/x86_64-mainline-lts-4.4-4.4.230-rev1/vmlinuz-4.4.230",
    "organization": "11111111-1111-4111-8111-111111111111",
    "project": "11111111-1111-4111-8111-111111111111",
    "public": true,
    "title": "x86_64 mainline 4.4.230 rev1",
    "arch": "x86_64",
    "zone": "fr-par-1"
  },
  "boot_type": "local",
  "volumes": {
    "0": {
      "id": "d8b4710a-2dbe-4882-8672-f490922d375a",
      "name": "Ubuntu 22.04 Jammy Jellyfish",
      "export_uri": "",
      "organization": "ee7bd9e1-9cbd-4724-b2f4-19e50f3cf38b",
      "server": {
        "id": "3780f986-d34f-4e64-9519-755a0df1e35f",
        "name": "cli-srv-stupefied-robinson"
      },
      "size": 20000000000,
      "volume_type": "l_ssd",
      "creation_date": "1970-01-01T00:00:00.0Z",
      "modification_date": "1970-01-01T00:00:00.0Z",
      "state": "available",
      "project": "ee7bd9e1-9cbd-4724-b2f4-19e50f3cf38b",
      "boot": false,
      "zone": "fr-par-1"
    }
  },
  "security_group": {
    "id": "0fe819c3-274d-472a-b3f5-ddb258d2d8bb",
    "name": "Default security group"
  },
  "maintenances": [],
  "state_detail": "booting kernel",
  "arch": "x86_64",
  "placement_group": null,
  "private_nics": [],
  "zone": "fr-par-1"
}
