🎲🎲🎲 EXIT CODE: 0 🎲🎲🎲
🟩🟩🟩 STDOUT️ 🟩🟩🟩️
Image.ID                f98ec3ca-2343-4ca8-8415-c81857931bbd
Image.Name              cli-img-recursing-antonelli
Image.Arch              x86_64
Image.CreationDate      few seconds ago
Image.ModificationDate  few seconds ago
Image.ExtraVolumes      0
Image.FromServer        -
Image.Organization      ee7bd9e1-9cbd-4724-b2f4-19e50f3cf38b
Image.Public            true
Image.RootVolume        9ca55c49-cf08-41ad-9c4e-959f42851da4
Image.State             available
Image.Project           ee7bd9e1-9cbd-4724-b2f4-19e50f3cf38b
Image.Zone              fr-par-1
🟩🟩🟩 JSON STDOUT 🟩🟩🟩
{
  "image": {
    "id": "f98ec3ca-2343-4ca8-8415-c81857931bbd",
    "name": "cli-img-recursing-antonelli",
    "arch": "x86_64",
    "creation_date": "1970-01-01T00:00:00.0Z",
    "modification_date": "1970-01-01T00:00:00.0Z",
    "default_bootscript": null,
    "extra_volumes": {},
    "from_server": "",
    "organization": "ee7bd9e1-9cbd-4724-b2f4-19e50f3cf38b",
    "public": true,
    "root_volume": {
      "id": "9ca55c49-cf08-41ad-9c4e-959f42851da4",
      "name": "cli-snp-hardcore-perlman",
      "size": 20000000000,
      "volume_type": "l_ssd"
    },
    "state": "available",
    "project": "ee7bd9e1-9cbd-4724-b2f4-19e50f3cf38b",
    "tags": [],
    "zone": "fr-par-1"
  }
}
