🎲🎲🎲 EXIT CODE: 0 🎲🎲🎲
🟩🟩🟩 STDOUT️ 🟩🟩🟩️
Image.ID                33b0e214-d9ac-4b97-ada7-fc0b62b245e0
Image.Name              foo
Image.Arch              x86_64
Image.CreationDate      few seconds ago
Image.ModificationDate  few seconds ago
Image.ExtraVolumes      0
Image.FromServer        -
Image.Organization      ee7bd9e1-9cbd-4724-b2f4-19e50f3cf38b
Image.Public            false
Image.RootVolume        e25dc634-29c9-4fba-9bc8-b62ee1b8e53a
Image.State             available
Image.Project           ee7bd9e1-9cbd-4724-b2f4-19e50f3cf38b
Image.Zone              fr-par-1
🟩🟩🟩 JSON STDOUT 🟩🟩🟩
{
  "image": {
    "id": "33b0e214-d9ac-4b97-ada7-fc0b62b245e0",
    "name": "foo",
    "arch": "x86_64",
    "creation_date": "1970-01-01T00:00:00.0Z",
    "modification_date": "1970-01-01T00:00:00.0Z",
    "default_bootscript": null,
    "extra_volumes": {},
    "from_server": "",
    "organization": "ee7bd9e1-9cbd-4724-b2f4-19e50f3cf38b",
    "public": false,
    "root_volume": {
      "id": "e25dc634-29c9-4fba-9bc8-b62ee1b8e53a",
      "name": "cli-snp-awesome-leavitt",
      "size": 20000000000,
      "volume_type": "l_ssd"
    },
    "state": "available",
    "project": "ee7bd9e1-9cbd-4724-b2f4-19e50f3cf38b",
    "tags": [],
    "zone": "fr-par-1"
  }
}
