üé≤üé≤üé≤ EXIT CODE: 0 üé≤üé≤üé≤
üü©üü©üü© STDOUTÔ∏è üü©üü©üü©Ô∏è
Server.ID                            fb7fb826-52e6-41ed-91e6-65a8aea65cc4
Server.Name                          cli-srv-jolly-benz
Server.Organization                  ee7bd9e1-9cbd-4724-b2f4-19e50f3cf38b
Server.Project                       ee7bd9e1-9cbd-4724-b2f4-19e50f3cf38b
Server.AllowedActions.0              poweron
Server.AllowedActions.1              backup
Server.AllowedActions.2              enable_routed_ip
Server.CommercialType                DEV1-S
Server.CreationDate                  few seconds ago
Server.DynamicIPRequired             true
Server.RoutedIPEnabled               false
Server.EnableIPv6                    false
Server.Hostname                      cli-srv-jolly-benz
Server.Image.ID                      655aeea7-8a30-418a-bc2e-3c04e3fdc8aa
Server.Image.Name                    Ubuntu 18.04 Bionic Beaver
Server.Image.Arch                    x86_64
Server.Image.CreationDate            few seconds ago
Server.Image.ModificationDate        few seconds ago
Server.Image.ExtraVolumes            0
Server.Image.FromServer              -
Server.Image.Organization            51b656e3-4865-41e8-adbc-0c45bdd780db
Server.Image.Public                  true
Server.Image.RootVolume              27a6459c-efe6-4327-a062-b21a17f3143d
Server.Image.State                   available
Server.Image.Project                 51b656e3-4865-41e8-adbc-0c45bdd780db
Server.Image.Zone                    fr-par-1
Server.Protected                     false
Server.PublicIP.ID                   8b31ebc6-fdd9-48cc-9124-1a0f2b02bc26
Server.PublicIP.Address              163.172.158.104
Server.PublicIP.Netmask              32
Server.PublicIP.Family               inet
Server.PublicIP.Dynamic              false
Server.PublicIP.ProvisioningMode     dhcp
Server.PublicIP.State                attached
Server.PublicIPs.0.ID                8b31ebc6-fdd9-48cc-9124-1a0f2b02bc26
Server.PublicIPs.0.Address           163.172.158.104
Server.PublicIPs.0.Netmask           32
Server.PublicIPs.0.Family            inet
Server.PublicIPs.0.Dynamic           false
Server.PublicIPs.0.ProvisioningMode  dhcp
Server.PublicIPs.0.State             attached
Server.MacAddress                    de:00:00:31:0c:31
Server.ModificationDate              few seconds ago
Server.State                         archived
Server.Bootscript                    x86_64 mainline 4.4.230 rev1
Server.BootType                      local
Server.Volumes.0.ID                  356242b2-fa6e-4d6b-8cb2-320b8ae68bd9
Server.Volumes.0.Name                Ubuntu 18.04 Bionic Beaver
Server.Volumes.0.ExportURI           -
Server.Volumes.0.Organization        ee7bd9e1-9cbd-4724-b2f4-19e50f3cf38b
Server.Volumes.0.Server.ID           fb7fb826-52e6-41ed-91e6-65a8aea65cc4
Server.Volumes.0.Server.Name         cli-srv-jolly-benz
Server.Volumes.0.Size                20 GB
Server.Volumes.0.VolumeType          l_ssd
Server.Volumes.0.CreationDate        few seconds ago
Server.Volumes.0.ModificationDate    few seconds ago
Server.Volumes.0.State               available
Server.Volumes.0.Project             ee7bd9e1-9cbd-4724-b2f4-19e50f3cf38b
Server.Volumes.0.Boot                false
Server.Volumes.0.Zone                fr-par-1
Server.SecurityGroup.ID              0fe819c3-274d-472a-b3f5-ddb258d2d8bb
Server.SecurityGroup.Name            Default security group
Server.StateDetail                   -
Server.Arch                          x86_64
Server.Zone                          fr-par-1
üü©üü©üü© JSON STDOUT üü©üü©üü©
{
  "server": {
    "id": "fb7fb826-52e6-41ed-91e6-65a8aea65cc4",
    "name": "cli-srv-jolly-benz",
    "organization": "ee7bd9e1-9cbd-4724-b2f4-19e50f3cf38b",
    "project": "ee7bd9e1-9cbd-4724-b2f4-19e50f3cf38b",
    "allowed_actions": [
      "poweron",
      "backup",
      "enable_routed_ip"
    ],
    "tags": [],
    "commercial_type": "DEV1-S",
    "creation_date": "1970-01-01T00:00:00.0Z",
    "dynamic_ip_required": true,
    "routed_ip_enabled": false,
    "enable_ipv6": false,
    "hostname": "cli-srv-jolly-benz",
    "image": {
      "id": "655aeea7-8a30-418a-bc2e-3c04e3fdc8aa",
      "name": "Ubuntu 18.04 Bionic Beaver",
      "arch": "x86_64",
      "creation_date": "1970-01-01T00:00:00.0Z",
      "modification_date": "1970-01-01T00:00:00.0Z",
      "default_bootscript": null,
      "extra_volumes": {},
      "from_server": "",
      "organization": "51b656e3-4865-41e8-adbc-0c45bdd780db",
      "public": true,
      "root_volume": {
        "id": "27a6459c-efe6-4327-a062-b21a17f3143d",
        "name": "Ubuntu 18.04 Bionic Beaver",
        "size": 10000000000,
        "volume_type": "unified"
      },
      "state": "available",
      "project": "51b656e3-4865-41e8-adbc-0c45bdd780db",
      "tags": [],
      "zone": "fr-par-1"
    },
    "protected": false,
    "private_ip": null,
    "public_ip": {
      "id": "8b31ebc6-fdd9-48cc-9124-1a0f2b02bc26",
      "address": "163.172.158.104",
      "gateway": "",
      "netmask": "32",
      "family": "inet",
      "dynamic": false,
      "provisioning_mode": "dhcp",
      "tags": [],
      "state": "attached"
    },
    "public_ips": [
      {
        "id": "8b31ebc6-fdd9-48cc-9124-1a0f2b02bc26",
        "address": "163.172.158.104",
        "gateway": "",
        "netmask": "32",
        "family": "inet",
        "dynamic": false,
        "provisioning_mode": "dhcp",
        "tags": [],
        "state": "attached"
      }
    ],
    "mac_address": "de:00:00:31:0c:31",
    "modification_date": "1970-01-01T00:00:00.0Z",
    "state": "stopped",
    "location": null,
    "ipv6": null,
    "bootscript": {
      "bootcmdargs": "LINUX_COMMON scaleway boot=local nbd.max_part=16",
      "default": true,
      "dtb": "",
      "id": "fdfe150f-a870-4ce4-b432-9f56b5b995c1",
      "initrd": "http://10.194.3.9/initrd/initrd-Linux-x86_64-v3.14.6.gz",
      "kernel": "http://10.194.3.9/kernel/x86_64-mainline-lts-4.4-4.4.230-rev1/vmlinuz-4.4.230",
      "organization": "11111111-1111-4111-8111-111111111111",
      "project": "11111111-1111-4111-8111-111111111111",
      "public": true,
      "title": "x86_64 mainline 4.4.230 rev1",
      "arch": "x86_64",
      "zone": "fr-par-1"
    },
    "boot_type": "local",
    "volumes": {
      "0": {
        "id": "356242b2-fa6e-4d6b-8cb2-320b8ae68bd9",
        "name": "Ubuntu 18.04 Bionic Beaver",
        "export_uri": "",
        "organization": "ee7bd9e1-9cbd-4724-b2f4-19e50f3cf38b",
        "server": {
          "id": "fb7fb826-52e6-41ed-91e6-65a8aea65cc4",
          "name": "cli-srv-jolly-benz"
        },
        "size": 20000000000,
        "volume_type": "l_ssd",
        "creation_date": "1970-01-01T00:00:00.0Z",
        "modification_date": "1970-01-01T00:00:00.0Z",
        "state": "available",
        "project": "ee7bd9e1-9cbd-4724-b2f4-19e50f3cf38b",
        "boot": false,
        "zone": "fr-par-1"
      }
    },
    "security_group": {
      "id": "0fe819c3-274d-472a-b3f5-ddb258d2d8bb",
      "name": "Default security group"
    },
    "maintenances": [],
    "state_detail": "",
    "arch": "x86_64",
    "placement_group": null,
    "private_nics": [],
    "zone": "fr-par-1"
  }
}
