🎲🎲🎲 EXIT CODE: 0 🎲🎲🎲
🟩🟩🟩 STDOUT️ 🟩🟩🟩️
✅ Config file was generated to /tmp/scw/scaleway.config.
🟩🟩🟩 JSON STDOUT 🟩🟩🟩
{
  "message": "Config file was generated to /tmp/scw/scaleway.config",
  "details": ""
}
