üé≤üé≤üé≤ EXIT CODE: 0 üé≤üé≤üé≤
üü©üü©üü© STDOUTÔ∏è üü©üü©üü©Ô∏è
ID                         ffd09f07-7467-4687-95b1-a83c01f08348
Name                       cli-srv-agitated-bartik
Organization               ee7bd9e1-9cbd-4724-b2f4-19e50f3cf38b
Project                    ee7bd9e1-9cbd-4724-b2f4-19e50f3cf38b
CommercialType             DEV1-S
CreationDate               few seconds ago
DynamicIPRequired          true
RoutedIPEnabled            false
EnableIPv6                 false
Hostname                   cli-srv-agitated-bartik
Protected                  false
PublicIP.ID                3d507479-2133-4a90-8202-fe3f1f741d91
PublicIP.Address           51.158.69.45
PublicIP.Netmask           32
PublicIP.Family            inet
PublicIP.Dynamic           false
PublicIP.ProvisioningMode  dhcp
PublicIP.State             attached
MacAddress                 de:00:00:31:0c:27
ModificationDate           few seconds ago
State                      archived
Bootscript                 x86_64 mainline 4.4.230 rev1
BootType                   local
SecurityGroup.ID           0fe819c3-274d-472a-b3f5-ddb258d2d8bb
SecurityGroup.Name         Default security group
StateDetail                -
Arch                       x86_64
Zone                       fr-par-1

Server Image:
ID                655aeea7-8a30-418a-bc2e-3c04e3fdc8aa
Name              Ubuntu 18.04 Bionic Beaver
Arch              x86_64
CreationDate      few seconds ago
ModificationDate  few seconds ago
ExtraVolumes      0
FromServer        -
Organization      51b656e3-4865-41e8-adbc-0c45bdd780db
Public            true
RootVolume        27a6459c-efe6-4327-a062-b21a17f3143d
State             available
Project           51b656e3-4865-41e8-adbc-0c45bdd780db
Zone              fr-par-1

Allowed Actions:
[poweron backup enable_routed_ip]

Volumes:
ID                                    NAME                        EXPORT URI  ORGANIZATION                          SIZE   VOLUME TYPE  CREATION DATE    MODIFICATION DATE  STATE      PROJECT                               BOOT   ZONE
7e150816-1661-4834-baf1-d308509d887e  Ubuntu 18.04 Bionic Beaver  -           ee7bd9e1-9cbd-4724-b2f4-19e50f3cf38b  20 GB  l_ssd        few seconds ago  few seconds ago    available  ee7bd9e1-9cbd-4724-b2f4-19e50f3cf38b  false  fr-par-1

Public IPs:
ID                                    ADDRESS       GATEWAY  NETMASK  FAMILY  DYNAMIC  PROVISIONING MODE  TAGS  STATE
3d507479-2133-4a90-8202-fe3f1f741d91  51.158.69.45  -        32       inet    false    dhcp               []    attached

IPv6:
-

Private NICs:
ID   MAC ADDRESS  PRIVATE NETWORK NAME  PRIVATE NETWORK ID
üü©üü©üü© JSON STDOUT üü©üü©üü©
{
  "id": "ffd09f07-7467-4687-95b1-a83c01f08348",
  "name": "cli-srv-agitated-bartik",
  "organization": "ee7bd9e1-9cbd-4724-b2f4-19e50f3cf38b",
  "project": "ee7bd9e1-9cbd-4724-b2f4-19e50f3cf38b",
  "allowed_actions": [
    "poweron",
    "backup",
    "enable_routed_ip"
  ],
  "tags": [],
  "commercial_type": "DEV1-S",
  "creation_date": "1970-01-01T00:00:00.0Z",
  "dynamic_ip_required": true,
  "routed_ip_enabled": false,
  "enable_ipv6": false,
  "hostname": "cli-srv-agitated-bartik",
  "image": {
    "id": "655aeea7-8a30-418a-bc2e-3c04e3fdc8aa",
    "name": "Ubuntu 18.04 Bionic Beaver",
    "arch": "x86_64",
    "creation_date": "1970-01-01T00:00:00.0Z",
    "modification_date": "1970-01-01T00:00:00.0Z",
    "default_bootscript": null,
    "extra_volumes": {},
    "from_server": "",
    "organization": "51b656e3-4865-41e8-adbc-0c45bdd780db",
    "public": true,
    "root_volume": {
      "id": "27a6459c-efe6-4327-a062-b21a17f3143d",
      "name": "Ubuntu 18.04 Bionic Beaver",
      "size": 10000000000,
      "volume_type": "unified"
    },
    "state": "available",
    "project": "51b656e3-4865-41e8-adbc-0c45bdd780db",
    "tags": [],
    "zone": "fr-par-1"
  },
  "protected": false,
  "private_ip": null,
  "public_ip": {
    "id": "3d507479-2133-4a90-8202-fe3f1f741d91",
    "address": "51.158.69.45",
    "gateway": "",
    "netmask": "32",
    "family": "inet",
    "dynamic": false,
    "provisioning_mode": "dhcp",
    "tags": [],
    "state": "attached"
  },
  "public_ips": [
    {
      "id": "3d507479-2133-4a90-8202-fe3f1f741d91",
      "address": "51.158.69.45",
      "gateway": "",
      "netmask": "32",
      "family": "inet",
      "dynamic": false,
      "provisioning_mode": "dhcp",
      "tags": [],
      "state": "attached"
    }
  ],
  "mac_address": "de:00:00:31:0c:27",
  "modification_date": "1970-01-01T00:00:00.0Z",
  "state": "stopped",
  "location": null,
  "ipv6": null,
  "bootscript": {
    "bootcmdargs": "LINUX_COMMON scaleway boot=local nbd.max_part=16",
    "default": true,
    "dtb": "",
    "id": "fdfe150f-a870-4ce4-b432-9f56b5b995c1",
    "initrd": "http://10.194.3.9/initrd/initrd-Linux-x86_64-v3.14.6.gz",
    "kernel": "http://10.194.3.9/kernel/x86_64-mainline-lts-4.4-4.4.230-rev1/vmlinuz-4.4.230",
    "organization": "11111111-1111-4111-8111-111111111111",
    "project": "11111111-1111-4111-8111-111111111111",
    "public": true,
    "title": "x86_64 mainline 4.4.230 rev1",
    "arch": "x86_64",
    "zone": "fr-par-1"
  },
  "boot_type": "local",
  "volumes": {
    "0": {
      "id": "7e150816-1661-4834-baf1-d308509d887e",
      "name": "Ubuntu 18.04 Bionic Beaver",
      "export_uri": "",
      "organization": "ee7bd9e1-9cbd-4724-b2f4-19e50f3cf38b",
      "server": {
        "id": "ffd09f07-7467-4687-95b1-a83c01f08348",
        "name": "cli-srv-agitated-bartik"
      },
      "size": 20000000000,
      "volume_type": "l_ssd",
      "creation_date": "1970-01-01T00:00:00.0Z",
      "modification_date": "1970-01-01T00:00:00.0Z",
      "state": "available",
      "project": "ee7bd9e1-9cbd-4724-b2f4-19e50f3cf38b",
      "boot": false,
      "zone": "fr-par-1"
    }
  },
  "security_group": {
    "id": "0fe819c3-274d-472a-b3f5-ddb258d2d8bb",
    "name": "Default security group"
  },
  "maintenances": [],
  "state_detail": "",
  "arch": "x86_64",
  "placement_group": null,
  "zone": "fr-par-1",
  "Volumes": [
    {
      "id": "7e150816-1661-4834-baf1-d308509d887e",
      "name": "Ubuntu 18.04 Bionic Beaver",
      "export_uri": "",
      "organization": "ee7bd9e1-9cbd-4724-b2f4-19e50f3cf38b",
      "server": {
        "id": "ffd09f07-7467-4687-95b1-a83c01f08348",
        "name": "cli-srv-agitated-bartik"
      },
      "size": 20000000000,
      "volume_type": "l_ssd",
      "creation_date": "1970-01-01T00:00:00.0Z",
      "modification_date": "1970-01-01T00:00:00.0Z",
      "state": "available",
      "project": "ee7bd9e1-9cbd-4724-b2f4-19e50f3cf38b",
      "boot": false,
      "zone": "fr-par-1"
    }
  ],
  "private_nics": []
}
