üé≤üé≤üé≤ EXIT CODE: 0 üé≤üé≤üé≤
üü©üü©üü© STDOUTÔ∏è üü©üü©üü©Ô∏è
ID                            ae8f3ae4-4251-4171-81d7-55c58441a4d9
Name                          cli-srv-thirsty-germain
Organization                  ee7bd9e1-9cbd-4724-b2f4-19e50f3cf38b
Project                       ee7bd9e1-9cbd-4724-b2f4-19e50f3cf38b
AllowedActions.0              poweron
AllowedActions.1              backup
AllowedActions.2              enable_routed_ip
CommercialType                H100-1-80G
CreationDate                  few seconds ago
DynamicIPRequired             true
RoutedIPEnabled               false
EnableIPv6                    false
Hostname                      cli-srv-thirsty-germain
Image.ID                      dd88ce8e-6184-44ed-aa9d-4d3d8158196e
Image.Name                    Ubuntu Jammy GPU OS 12 passthrough
Image.Arch                    x86_64
Image.CreationDate            few seconds ago
Image.ModificationDate        few seconds ago
Image.ExtraVolumes            0
Image.FromServer              -
Image.Organization            51b656e3-4865-41e8-adbc-0c45bdd780db
Image.Public                  true
Image.RootVolume              43a48fa3-2df2-4905-9e83-ee6e8814d161
Image.State                   available
Image.Project                 51b656e3-4865-41e8-adbc-0c45bdd780db
Image.Zone                    fr-par-2
Protected                     false
PublicIP.ID                   c96e199c-f00f-4cf7-b4a2-dd40f2ce32b3
PublicIP.Address              51.159.149.105
PublicIP.Netmask              32
PublicIP.Family               inet
PublicIP.Dynamic              false
PublicIP.ProvisioningMode     dhcp
PublicIP.State                attached
PublicIPs.0.ID                c96e199c-f00f-4cf7-b4a2-dd40f2ce32b3
PublicIPs.0.Address           51.159.149.105
PublicIPs.0.Netmask           32
PublicIPs.0.Family            inet
PublicIPs.0.Dynamic           false
PublicIPs.0.ProvisioningMode  dhcp
PublicIPs.0.State             attached
MacAddress                    de:00:00:25:f7:41
ModificationDate              few seconds ago
State                         archived
Bootscript                    x86_64 mainline 4.4.230 rev1
BootType                      local
Volumes.0.ID                  121b00a6-8606-461c-9eb5-ccc363183e51
Volumes.0.Name                Ubuntu Jammy GPU OS 12 passthrough
Volumes.0.ExportURI           -
Volumes.0.Organization        ee7bd9e1-9cbd-4724-b2f4-19e50f3cf38b
Volumes.0.Server.ID           ae8f3ae4-4251-4171-81d7-55c58441a4d9
Volumes.0.Server.Name         cli-srv-thirsty-germain
Volumes.0.Size                20 GB
Volumes.0.VolumeType          b_ssd
Volumes.0.CreationDate        few seconds ago
Volumes.0.ModificationDate    few seconds ago
Volumes.0.State               available
Volumes.0.Project             ee7bd9e1-9cbd-4724-b2f4-19e50f3cf38b
Volumes.0.Boot                false
Volumes.0.Zone                fr-par-2
Volumes.1.ID                  621789ed-8742-4216-95ac-6affdb3660f1
Volumes.1.Name                default-cli-scratch-volume
Volumes.1.ExportURI           -
Volumes.1.Organization        ee7bd9e1-9cbd-4724-b2f4-19e50f3cf38b
Volumes.1.Server.ID           ae8f3ae4-4251-4171-81d7-55c58441a4d9
Volumes.1.Server.Name         cli-srv-thirsty-germain
Volumes.1.Size                3.0 TB
Volumes.1.VolumeType          scratch
Volumes.1.CreationDate        few seconds ago
Volumes.1.ModificationDate    few seconds ago
Volumes.1.State               available
Volumes.1.Project             ee7bd9e1-9cbd-4724-b2f4-19e50f3cf38b
Volumes.1.Boot                false
Volumes.1.Zone                fr-par-2
SecurityGroup.ID              07a1e012-3e68-44ec-9b41-cbe87504b716
SecurityGroup.Name            Default security group
StateDetail                   -
Arch                          x86_64
Zone                          fr-par-2
üü©üü©üü© JSON STDOUT üü©üü©üü©
{
  "id": "ae8f3ae4-4251-4171-81d7-55c58441a4d9",
  "name": "cli-srv-thirsty-germain",
  "organization": "ee7bd9e1-9cbd-4724-b2f4-19e50f3cf38b",
  "project": "ee7bd9e1-9cbd-4724-b2f4-19e50f3cf38b",
  "allowed_actions": [
    "poweron",
    "backup",
    "enable_routed_ip"
  ],
  "tags": [],
  "commercial_type": "H100-1-80G",
  "creation_date": "1970-01-01T00:00:00.0Z",
  "dynamic_ip_required": true,
  "routed_ip_enabled": false,
  "enable_ipv6": false,
  "hostname": "cli-srv-thirsty-germain",
  "image": {
    "id": "dd88ce8e-6184-44ed-aa9d-4d3d8158196e",
    "name": "Ubuntu Jammy GPU OS 12 passthrough",
    "arch": "x86_64",
    "creation_date": "1970-01-01T00:00:00.0Z",
    "modification_date": "1970-01-01T00:00:00.0Z",
    "default_bootscript": null,
    "extra_volumes": {},
    "from_server": "",
    "organization": "51b656e3-4865-41e8-adbc-0c45bdd780db",
    "public": true,
    "root_volume": {
      "id": "43a48fa3-2df2-4905-9e83-ee6e8814d161",
      "name": "Ubuntu Jammy GPU OS 12 passthrough",
      "size": 20000000000,
      "volume_type": "unified"
    },
    "state": "available",
    "project": "51b656e3-4865-41e8-adbc-0c45bdd780db",
    "tags": [],
    "zone": "fr-par-2"
  },
  "protected": false,
  "private_ip": null,
  "public_ip": {
    "id": "c96e199c-f00f-4cf7-b4a2-dd40f2ce32b3",
    "address": "51.159.149.105",
    "gateway": "",
    "netmask": "32",
    "family": "inet",
    "dynamic": false,
    "provisioning_mode": "dhcp",
    "tags": [],
    "state": "attached"
  },
  "public_ips": [
    {
      "id": "c96e199c-f00f-4cf7-b4a2-dd40f2ce32b3",
      "address": "51.159.149.105",
      "gateway": "",
      "netmask": "32",
      "family": "inet",
      "dynamic": false,
      "provisioning_mode": "dhcp",
      "tags": [],
      "state": "attached"
    }
  ],
  "mac_address": "de:00:00:25:f7:41",
  "modification_date": "1970-01-01T00:00:00.0Z",
  "state": "stopped",
  "location": null,
  "ipv6": null,
  "bootscript": {
    "bootcmdargs": "LINUX_COMMON scaleway boot=local nbd.max_part=16",
    "default": true,
    "dtb": "",
    "id": "e6a56379-9ef4-48d4-a1d2-12b475e0fed8",
    "initrd": "http://10.197.3.9/initrd/initrd-Linux-x86_64-v3.14.6.gz",
    "kernel": "http://10.197.3.9/kernel/x86_64-mainline-lts-4.4-4.4.230-rev1/vmlinuz-4.4.230",
    "organization": "11111111-1111-4111-8111-111111111111",
    "project": "11111111-1111-4111-8111-111111111111",
    "public": true,
    "title": "x86_64 mainline 4.4.230 rev1",
    "arch": "x86_64",
    "zone": "fr-par-2"
  },
  "boot_type": "local",
  "volumes": {
    "0": {
      "id": "121b00a6-8606-461c-9eb5-ccc363183e51",
      "name": "Ubuntu Jammy GPU OS 12 passthrough",
      "export_uri": "",
      "organization": "ee7bd9e1-9cbd-4724-b2f4-19e50f3cf38b",
      "server": {
        "id": "ae8f3ae4-4251-4171-81d7-55c58441a4d9",
        "name": "cli-srv-thirsty-germain"
      },
      "size": 20000000000,
      "volume_type": "b_ssd",
      "creation_date": "1970-01-01T00:00:00.0Z",
      "modification_date": "1970-01-01T00:00:00.0Z",
      "state": "available",
      "project": "ee7bd9e1-9cbd-4724-b2f4-19e50f3cf38b",
      "boot": false,
      "zone": "fr-par-2"
    },
    "1": {
      "id": "621789ed-8742-4216-95ac-6affdb3660f1",
      "name": "default-cli-scratch-volume",
      "export_uri": "",
      "organization": "ee7bd9e1-9cbd-4724-b2f4-19e50f3cf38b",
      "server": {
        "id": "ae8f3ae4-4251-4171-81d7-55c58441a4d9",
        "name": "cli-srv-thirsty-germain"
      },
      "size": 3000000000000,
      "volume_type": "scratch",
      "creation_date": "1970-01-01T00:00:00.0Z",
      "modification_date": "1970-01-01T00:00:00.0Z",
      "state": "available",
      "project": "ee7bd9e1-9cbd-4724-b2f4-19e50f3cf38b",
      "boot": false,
      "zone": "fr-par-2"
    }
  },
  "security_group": {
    "id": "07a1e012-3e68-44ec-9b41-cbe87504b716",
    "name": "Default security group"
  },
  "maintenances": [],
  "state_detail": "",
  "arch": "x86_64",
  "placement_group": null,
  "private_nics": [],
  "zone": "fr-par-2"
}
