🎲🎲🎲 EXIT CODE: 0 🎲🎲🎲
🟩🟩🟩 STDOUT️ 🟩🟩🟩️
Image.ID                346e7485-cf3e-4859-a90a-b64f6de4c078
Image.Name              cli-img-infallible-sinoussi
Image.Arch              x86_64
Image.CreationDate      few seconds ago
Image.ModificationDate  few seconds ago
Image.ExtraVolumes      1
Image.FromServer        -
Image.Organization      ee7bd9e1-9cbd-4724-b2f4-19e50f3cf38b
Image.Public            false
Image.RootVolume        f6b66035-7d92-4556-96ac-f3afc0e20259
Image.State             available
Image.Project           ee7bd9e1-9cbd-4724-b2f4-19e50f3cf38b
Image.Zone              fr-par-1
🟩🟩🟩 JSON STDOUT 🟩🟩🟩
{
  "image": {
    "id": "346e7485-cf3e-4859-a90a-b64f6de4c078",
    "name": "cli-img-infallible-sinoussi",
    "arch": "x86_64",
    "creation_date": "1970-01-01T00:00:00.0Z",
    "modification_date": "1970-01-01T00:00:00.0Z",
    "default_bootscript": null,
    "extra_volumes": {
      "1": {
        "id": "4a0dc5c1-579c-4f79-b58a-bd8ab5385ed7",
        "name": "snapVol",
        "export_uri": null,
        "size": 20000000000,
        "volume_type": "b_ssd",
        "creation_date": null,
        "modification_date": null,
        "organization": "",
        "project": "",
        "tags": null,
        "server": null,
        "state": "available",
        "zone": ""
      }
    },
    "from_server": "",
    "organization": "ee7bd9e1-9cbd-4724-b2f4-19e50f3cf38b",
    "public": false,
    "root_volume": {
      "id": "f6b66035-7d92-4556-96ac-f3afc0e20259",
      "name": "cli-snp-bold-sammet",
      "size": 20000000000,
      "volume_type": "l_ssd"
    },
    "state": "available",
    "project": "ee7bd9e1-9cbd-4724-b2f4-19e50f3cf38b",
    "tags": [],
    "zone": "fr-par-1"
  }
}
